ok
expression expected
expression expected
eof expected
ok
ok
ok
ok
ok
ok
expression expected
