ok
expression expected
ok
ok
invalid token
ok
ok
ok
eof expected
expression expected
ok
expression expected
right parenthesis expected
eof expected
ok
eof expected
attempt to division by zero
expression expected
ok
ok
