t2=a+b*c
(*, b, c, t1)
(+, a, t1, t2)
t2=a*(b+c)
(+, b, c, t1)
(*, a, t1, t2)
t1=-a
(*, -1, a, t1)
t1=-a+b
(*, -1, a, t1)
(+, t1, b, t1)
t2=-a*b
(*, a, b, t1)
(*, -1, t1, t2)
t6=t0*t1+t2+t3*(t4*5)*6+(7+t8)*t9+(t10)
(*, t0, t1, t5)
(+, t5, t2, t6)
(*, t4, 5, t7)
(*, t3, t7, t11)
(*, t11, 6, t11)
(+, t6, t11, t6)
(+, 7, t8, t12)
(*, t12, t9, t13)
(+, t6, t13, t6)
(+, t6, t10, t6)
t2=1+2*3*b*c+d
(*, 6, b, t1)
(*, t1, c, t1)
(+, 1, t1, t2)
(+, t2, d, t2)
t1=a+b
(+, a, b, t1)
t1=a-4
(-, a, 4, t1)
t3=a/p*b-(a+h)-4844
(/, a, p, t1)
(*, t1, b, t1)
(+, a, h, t2)
(-, t1, t2, t3)
(-, t3, 4844, t3)
t1=8944/a
(/, 8944, a, t1)
t2=sas/p+8
(/, sas, p, t1)
(+, t1, 8, t2)
t2=ppp*9-7
(*, ppp, 9, t1)
(-, t1, 7, t2)
t2=(1+2)*(a-8)
(-, a, 8, t1)
(*, 3, t1, t2)
aaa=aaa
t1=74/p
(/, 74, p, t1)
t1=a/a*a/a
(/, a, a, t1)
(*, t1, a, t1)
(/, t1, a, t1)
t1=78-(x)+45
(-, 78, x, t1)
(+, t1, 45, t1)
t1=7/a
(/, 7, a, t1)
t2=a-s/7
(/, s, 7, t1)
(-, a, t1, t2)
t1=as-p
(-, as, p, t1)
t2=a+(9*i)
(*, 9, i, t1)
(+, a, t1, t2)
t1=a-(666)
(-, a, 666, t1)