ok
ok
ok
ok
ok
ok
ok
ok
attempt to multiply with overflow
ok
ok
ok
ok
ok
ok
ok
ok
ok
ok
ok
ok
ok
ok
ok
ok
ok
attempt to multiply with overflow
ok
ok
attempt to division by zero
ok
ok
ok
ok
ok
ok
ok
ok
ok
ok
ok
ok
ok
ok
ok
ok
ok
ok
ok
ok