-7080
3640636
24539497
-29207855
0
-948003
-456
0
attempt to multiply with overflow
-1310757
414
4
522
148
-6903
-90
905
-64
76
5659621
-519854
33315
0
7627
6279
49059920
attempt to multiply with overflow
242
0
attempt to division by zero
-9164
-4
129556
65975
79050
7399
195173
606955411
6
801
64188
40610268
0
3607246
902
0
-3940018
25888
-13
79515